[    0.000000] Linux version 4.15.0-101-generic (buildd@lgw01-amd64-003) (gcc version 7.5.0 (Ubuntu 7.5.0-3ubuntu1~18.04)) #102-Ubuntu SMP Mon May 11 10:07:26 UTC 2020 (Ubuntu 4.15.0-101.102-generic 4.15.18)
[    0.000000] Command line: BOOT_IMAGE=/boot/vmlinuz-4.15.0-101-generic root=LABEL=cloudimg-rootfs ro console=tty1 console=ttyS0
[    0.000000] KERNEL supported cpus:
[    0.000000]   Intel GenuineIntel
[    0.000000]   AMD AuthenticAMD
[    0.000000]   Centaur CentaurHauls
[    0.000000] x86/fpu: Supporting XSAVE feature 0x001: 'x87 floating point registers'
[    0.000000] x86/fpu: Supporting XSAVE feature 0x002: 'SSE registers'
[    0.000000] x86/fpu: Supporting XSAVE feature 0x004: 'AVX registers'
[    0.000000] x86/fpu: xstate_offset[2]:  576, xstate_sizes[2]:  256
[    0.000000] x86/fpu: Enabled xstate features 0x7, context size is 832 bytes, using 'standard' format.
[    0.000000] e820: BIOS-provided physical RAM map:
[    0.000000] BIOS-e820: [mem 0x0000000000000000-0x000000000009fbff] usable
[    0.000000] BIOS-e820: [mem 0x000000000009fc00-0x000000000009ffff] reserved
[    0.000000] BIOS-e820: [mem 0x00000000000f0000-0x00000000000fffff] reserved
[    0.000000] BIOS-e820: [mem 0x0000000000100000-0x000000003ffeffff] usable
[    0.000000] BIOS-e820: [mem 0x000000003fff0000-0x000000003fffffff] ACPI data
[    0.000000] BIOS-e820: [mem 0x00000000fec00000-0x00000000fec00fff] reserved
[    0.000000] BIOS-e820: [mem 0x00000000fee00000-0x00000000fee00fff] reserved
[    0.000000] BIOS-e820: [mem 0x00000000fffc0000-0x00000000ffffffff] reserved
[    0.000000] NX (Execute Disable) protection: active
[    0.000000] SMBIOS 2.5 present.
[    0.000000] DMI: innotek GmbH VirtualBox/VirtualBox, BIOS VirtualBox 12/01/2006
[    0.000000] Hypervisor detected: KVM
[    0.000000] e820: last_pfn = 0x3fff0 max_arch_pfn = 0x400000000
[    0.000000] MTRR: Disabled
[    0.000000] x86/PAT: MTRRs disabled, skipping PAT initialization too.
[    0.000000] CPU MTRRs all blank - virtualized system.
[    0.000000] x86/PAT: Configuration [0-7]: WB  WT  UC- UC  WB  WT  UC- UC  
[    0.000000] found SMP MP-table at [mem 0x0009fff0-0x0009ffff]
[    0.000000] Scanning 1 areas for low memory corruption
[    0.000000] RAMDISK: [mem 0x35a6f000-0x36d2efff]
[    0.000000] ACPI: Early table checksum verification disabled
[    0.000000] ACPI: RSDP 0x00000000000E0000 000024 (v02 VBOX  )
[    0.000000] ACPI: XSDT 0x000000003FFF0030 00003C (v01 VBOX   VBOXXSDT 00000001 ASL  00000061)
[    0.000000] ACPI: FACP 0x000000003FFF00F0 0000F4 (v04 VBOX   VBOXFACP 00000001 ASL  00000061)
[    0.000000] ACPI: DSDT 0x000000003FFF0470 002325 (v02 VBOX   VBOXBIOS 00000002 INTL 20100528)
[    0.000000] ACPI: FACS 0x000000003FFF0200 000040
[    0.000000] ACPI: FACS 0x000000003FFF0200 000040
[    0.000000] ACPI: APIC 0x000000003FFF0240 00005C (v02 VBOX   VBOXAPIC 00000001 ASL  00000061)
[    0.000000] ACPI: SSDT 0x000000003FFF02A0 0001CC (v01 VBOX   VBOXCPUT 00000002 INTL 20100528)
[    0.000000] No NUMA configuration found
[    0.000000] Faking a node at [mem 0x0000000000000000-0x000000003ffeffff]
[    0.000000] NODE_DATA(0) allocated [mem 0x3ffc5000-0x3ffeffff]
[    0.000000] kvm-clock: cpu 0, msr 0:3ff44001, primary cpu clock
[    0.000000] kvm-clock: Using msrs 4b564d01 and 4b564d00
[    0.000000] kvm-clock: using sched offset of 4296979637 cycles
[    0.000000] clocksource: kvm-clock: mask: 0xffffffffffffffff max_cycles: 0x1cd42e4dffb, max_idle_ns: 881590591483 ns
[    0.000000] Zone ranges:
[    0.000000]   DMA      [mem 0x0000000000001000-0x0000000000ffffff]
[    0.000000]   DMA32    [mem 0x0000000001000000-0x000000003ffeffff]
[    0.000000]   Normal   empty
[    0.000000]   Device   empty
[    0.000000] Movable zone start for each node
[    0.000000] Early memory node ranges
[    0.000000]   node   0: [mem 0x0000000000001000-0x000000000009efff]
[    0.000000]   node   0: [mem 0x0000000000100000-0x000000003ffeffff]
[    0.000000] Reserved but unavailable: 98 pages
[    0.000000] Initmem setup node 0 [mem 0x0000000000001000-0x000000003ffeffff]
[    0.000000] ACPI: PM-Timer IO Port: 0x4008
[    0.000000] IOAPIC[0]: apic_id 2, version 32, address 0xfec00000, GSI 0-23
[    0.000000] ACPI: INT_SRC_OVR (bus 0 bus_irq 0 global_irq 2 dfl dfl)
[    0.000000] ACPI: INT_SRC_OVR (bus 0 bus_irq 9 global_irq 9 low level)
[    0.000000] Using ACPI (MADT) for SMP configuration information
[    0.000000] smpboot: Allowing 2 CPUs, 0 hotplug CPUs
[    0.000000] PM: Registered nosave memory: [mem 0x00000000-0x00000fff]
[    0.000000] PM: Registered nosave memory: [mem 0x0009f000-0x0009ffff]
[    0.000000] PM: Registered nosave memory: [mem 0x000a0000-0x000effff]
[    0.000000] PM: Registered nosave memory: [mem 0x000f0000-0x000fffff]
[    0.000000] e820: [mem 0x40000000-0xfebfffff] available for PCI devices
[    0.000000] Booting paravirtualized kernel on KVM
[    0.000000] clocksource: refined-jiffies: mask: 0xffffffff max_cycles: 0xffffffff, max_idle_ns: 7645519600211568 ns
[    0.000000] random: get_random_bytes called from start_kernel+0x99/0x4fd with crng_init=0
[    0.000000] setup_percpu: NR_CPUS:8192 nr_cpumask_bits:2 nr_cpu_ids:2 nr_node_ids:1
[    0.000000] percpu: Embedded 45 pages/cpu s147456 r8192 d28672 u1048576
[    0.000000] PV qspinlock hash table entries: 256 (order: 0, 4096 bytes)
[    0.000000] Built 1 zonelists, mobility grouping on.  Total pages: 257913
[    0.000000] Policy zone: DMA32
[    0.000000] Kernel command line: BOOT_IMAGE=/boot/vmlinuz-4.15.0-101-generic root=LABEL=cloudimg-rootfs ro console=tty1 console=ttyS0
[    0.000000] Memory: 983068K/1048120K available (12300K kernel code, 2481K rwdata, 4268K rodata, 2432K init, 2712K bss, 65052K reserved, 0K cma-reserved)
[    0.000000] SLUB: HWalign=64, Order=0-3, MinObjects=0, CPUs=2, Nodes=1
[    0.000000] Kernel/User page tables isolation: enabled
[    0.000000] ftrace: allocating 39364 entries in 154 pages
[    0.004000] Hierarchical RCU implementation.
[    0.004000] 	RCU restricting CPUs from NR_CPUS=8192 to nr_cpu_ids=2.
[    0.004000] 	Tasks RCU enabled.
[    0.004000] RCU: Adjusting geometry for rcu_fanout_leaf=16, nr_cpu_ids=2
[    0.004000] NR_IRQS: 524544, nr_irqs: 440, preallocated irqs: 16
[    0.004000] Console: colour VGA+ 80x25
[    0.004000] console [tty1] enabled
[    0.004000] console [ttyS0] enabled
[    0.004000] ACPI: Core revision 20170831
[    0.004000] ACPI: 2 ACPI AML tables successfully acquired and loaded
[    0.004000] APIC: Switch to symmetric I/O mode setup
[    0.004000] x2apic enabled
[    0.004000] Switched APIC routing to physical x2apic.
[    0.004000] ..TIMER: vector=0x30 apic1=0 pin1=2 apic2=-1 pin2=-1
[    0.004005] tsc: Detected 1607.999 MHz processor
[    0.004985] Calibrating delay loop (skipped) preset value.. 3215.99 BogoMIPS (lpj=6431996)
[    0.005797] pid_max: default: 32768 minimum: 301
[    0.008040] Security Framework initialized
[    0.008933] Yama: becoming mindful.
[    0.009742] AppArmor: AppArmor initialized
[    0.013540] Dentry cache hash table entries: 131072 (order: 8, 1048576 bytes)
[    0.015176] Inode-cache hash table entries: 65536 (order: 7, 524288 bytes)
[    0.016021] Mount-cache hash table entries: 2048 (order: 2, 16384 bytes)
[    0.017417] Mountpoint-cache hash table entries: 2048 (order: 2, 16384 bytes)
[    0.019158] Last level iTLB entries: 4KB 64, 2MB 8, 4MB 8
[    0.020006] Last level dTLB entries: 4KB 64, 2MB 0, 4MB 0, 1GB 4
[    0.024009] Spectre V1 : Mitigation: usercopy/swapgs barriers and __user pointer sanitization
[    0.028002] Spectre V2 : Mitigation: Full generic retpoline
[    0.029183] Spectre V2 : Spectre v2 / SpectreRSB mitigation: Filling RSB on context switch
[    0.030913] Speculative Store Bypass: Vulnerable
[    0.032052] MDS: Mitigation: Clear CPU buffers
[    0.033187] Freeing SMP alternatives memory: 36K
[    0.144120] smpboot: CPU0: Intel(R) Core(TM) i5-8210Y CPU @ 1.60GHz (family: 0x6, model: 0x8e, stepping: 0x9)
[    0.147023] Performance Events: unsupported p6 CPU model 142 no PMU driver, software events only.
[    0.148044] Hierarchical SRCU implementation.
[    0.149689] NMI watchdog: Perf event create on CPU 0 failed with -2
[    0.152002] NMI watchdog: Perf NMI watchdog permanently disabled
[    0.153309] smp: Bringing up secondary CPUs ...
[    0.154366] x86: Booting SMP configuration:
[    0.156002] .... node  #0, CPUs:      #1
[    0.004000] kvm-clock: cpu 1, msr 0:3ff44041, secondary cpu clock
[    0.160038] smp: Brought up 1 node, 2 CPUs
[    0.161657] smpboot: Max logical packages: 1
[    0.164006] smpboot: Total of 2 processors activated (6431.99 BogoMIPS)
[    0.165671] devtmpfs: initialized
[    0.165671] x86/mm: Memory block size: 128MB
[    0.168118] evm: security.selinux
[    0.169230] evm: security.SMACK64
[    0.170633] evm: security.SMACK64EXEC
[    0.172007] evm: security.SMACK64TRANSMUTE
[    0.173705] evm: security.SMACK64MMAP
[    0.176010] evm: security.apparmor
[    0.177027] evm: security.ima
[    0.178255] evm: security.capability
[    0.180041] clocksource: jiffies: mask: 0xffffffff max_cycles: 0xffffffff, max_idle_ns: 7645041785100000 ns
[    0.183289] futex hash table entries: 512 (order: 3, 32768 bytes)
[    0.185476] pinctrl core: initialized pinctrl subsystem
[    0.188143] RTC time: 23:29:36, date: 06/23/20
[    0.189315] NET: Registered protocol family 16
[    0.190352] audit: initializing netlink subsys (disabled)
[    0.192048] audit: type=2000 audit(1592954982.063:1): state=initialized audit_enabled=0 res=1
[    0.192170] cpuidle: using governor ladder
[    0.196007] cpuidle: using governor menu
[    0.196913] ACPI: bus type PCI registered
[    0.197835] acpiphp: ACPI Hot Plug PCI Controller Driver version: 0.5
[    0.199578] PCI: Using configuration type 1 for base access
[    0.201099] HugeTLB registered 2.00 MiB page size, pre-allocated 0 pages
[    0.204092] ACPI: Added _OSI(Module Device)
[    0.205207] ACPI: Added _OSI(Processor Device)
[    0.206269] ACPI: Added _OSI(3.0 _SCP Extensions)
[    0.208015] ACPI: Added _OSI(Processor Aggregator Device)
[    0.210067] ACPI: Added _OSI(Linux-Dell-Video)
[    0.212010] ACPI: Added _OSI(Linux-Lenovo-NV-HDMI-Audio)
[    0.213872] ACPI: Added _OSI(Linux-HPI-Hybrid-Graphics)
[    0.216411] ACPI: Executed 1 blocks of module-level executable AML code
[    0.222171] ACPI: Interpreter enabled
[    0.223040] ACPI: (supports S0 S5)
[    0.223890] ACPI: Using IOAPIC for interrupt routing
[    0.224270] PCI: Using host bridge windows from ACPI; if necessary, use "pci=nocrs" and report a bug
[    0.228257] ACPI: Enabled 2 GPEs in block 00 to 07
[    0.246029] ACPI: PCI Root Bridge [PCI0] (domain 0000 [bus 00-ff])
[    0.248012] acpi PNP0A03:00: _OSC: OS supports [ASPM ClockPM Segments MSI]
[    0.251749] acpi PNP0A03:00: _OSC: not requesting OS control; OS requires [ExtendedConfig ASPM ClockPM MSI]
[    0.252031] acpi PNP0A03:00: fail to add MMCONFIG information, can't access extended PCI configuration space under this bridge.
[    0.257265] PCI host bridge to bus 0000:00
[    0.259125] pci_bus 0000:00: root bus resource [io  0x0000-0x0cf7 window]
[    0.260008] pci_bus 0000:00: root bus resource [io  0x0d00-0xffff window]
[    0.264007] pci_bus 0000:00: root bus resource [mem 0x000a0000-0x000bffff window]
[    0.268012] pci_bus 0000:00: root bus resource [mem 0x40000000-0xfdffffff window]
[    0.272006] pci_bus 0000:00: root bus resource [bus 00-ff]
[    0.281791] pci 0000:00:01.1: legacy IDE quirk: reg 0x10: [io  0x01f0-0x01f7]
[    0.284034] pci 0000:00:01.1: legacy IDE quirk: reg 0x14: [io  0x03f6]
[    0.286696] pci 0000:00:01.1: legacy IDE quirk: reg 0x18: [io  0x0170-0x0177]
[    0.288006] pci 0000:00:01.1: legacy IDE quirk: reg 0x1c: [io  0x0376]
[    0.313331] pci 0000:00:07.0: quirk: [io  0x4000-0x403f] claimed by PIIX4 ACPI
[    0.315418] pci 0000:00:07.0: quirk: [io  0x4100-0x410f] claimed by PIIX4 SMB
[    0.328008] ACPI: PCI Interrupt Link [LNKA] (IRQs 5 9 10 *11)
[    0.330036] ACPI: PCI Interrupt Link [LNKB] (IRQs 5 9 *10 11)
[    0.332087] ACPI: PCI Interrupt Link [LNKC] (IRQs 5 *9 10 11)
[    0.333490] ACPI: PCI Interrupt Link [LNKD] (IRQs 5 9 10 *11)
[    0.335443] SCSI subsystem initialized
[    0.336083] pci 0000:00:02.0: vgaarb: setting as boot VGA device
[    0.337678] pci 0000:00:02.0: vgaarb: VGA device added: decodes=io+mem,owns=io+mem,locks=none
[    0.340006] pci 0000:00:02.0: vgaarb: bridge control possible
[    0.341960] vgaarb: loaded
[    0.342617] ACPI: bus type USB registered
[    0.344028] usbcore: registered new interface driver usbfs
[    0.345234] usbcore: registered new interface driver hub
[    0.346410] usbcore: registered new device driver usb
[    0.347620] EDAC MC: Ver: 3.0.0
[    0.348333] PCI: Using ACPI for IRQ routing
[    0.349590] NetLabel: Initializing
[    0.352005] NetLabel:  domain hash size = 128
[    0.352949] NetLabel:  protocols = UNLABELED CIPSOv4 CALIPSO
[    0.354214] NetLabel:  unlabeled traffic allowed by default
[    0.356075] clocksource: Switched to clocksource kvm-clock
[    0.370976] VFS: Disk quotas dquot_6.6.0
[    0.372369] VFS: Dquot-cache hash table entries: 512 (order 0, 4096 bytes)
[    0.373934] AppArmor: AppArmor Filesystem Enabled
[    0.375720] pnp: PnP ACPI init
[    0.377853] pnp: PnP ACPI: found 3 devices
[    0.387953] clocksource: acpi_pm: mask: 0xffffff max_cycles: 0xffffff, max_idle_ns: 2085701024 ns
[    0.390520] NET: Registered protocol family 2
[    0.391981] TCP established hash table entries: 8192 (order: 4, 65536 bytes)
[    0.394050] TCP bind hash table entries: 8192 (order: 5, 131072 bytes)
[    0.396838] TCP: Hash tables configured (established 8192 bind 8192)
[    0.398246] UDP hash table entries: 512 (order: 2, 16384 bytes)
[    0.399975] UDP-Lite hash table entries: 512 (order: 2, 16384 bytes)
[    0.402267] NET: Registered protocol family 1
[    0.403229] pci 0000:00:00.0: Limiting direct PCI/PCI transfers
[    0.405199] pci 0000:00:01.0: Activating ISA DMA hang workarounds
[    0.406545] pci 0000:00:02.0: Video device with shadowed ROM at [mem 0x000c0000-0x000dffff]
[    0.408778] Unpacking initramfs...
[    0.721802] Freeing initrd memory: 19200K
[    0.723467] clocksource: tsc: mask: 0xffffffffffffffff max_cycles: 0x172da94f0e2, max_idle_ns: 440795278248 ns
[    0.726685] platform rtc_cmos: registered platform RTC device (no PNP device found)
[    0.728870] Scanning for low memory corruption every 60 seconds
[    0.730907] Initialise system trusted keyrings
[    0.732531] Key type blacklist registered
[    0.733703] workingset: timestamp_bits=36 max_order=18 bucket_order=0
[    0.737141] zbud: loaded
[    0.738578] squashfs: version 4.0 (2009/01/31) Phillip Lougher
[    0.740614] fuse init (API version 7.26)
[    0.743956] Key type asymmetric registered
[    0.745062] Asymmetric key parser 'x509' registered
[    0.746178] Block layer SCSI generic (bsg) driver version 0.4 loaded (major 246)
[    0.747882] io scheduler noop registered
[    0.748992] io scheduler deadline registered
[    0.749981] io scheduler cfq registered (default)
[    0.751918] ACPI: AC Adapter [AC] (off-line)
[    0.752988] input: Power Button as /devices/LNXSYSTM:00/LNXPWRBN:00/input/input0
[    0.754726] ACPI: Power Button [PWRF]
[    0.755616] input: Sleep Button as /devices/LNXSYSTM:00/LNXSLPBN:00/input/input1
[    0.757288] ACPI: Sleep Button [SLPF]
[    0.759876] ACPI: Battery Slot [BAT0] (battery present)
[    0.760238] Serial: 8250/16550 driver, 32 ports, IRQ sharing enabled
[    0.784782] 00:02: ttyS0 at I/O 0x3f8 (irq = 4, base_baud = 115200) is a 16550A
[    0.788437] Linux agpgart interface v0.103
[    0.790597] loop: module loaded
[    0.792592] scsi host0: ata_piix
[    0.793897] scsi host1: ata_piix
[    0.794868] ata1: PATA max UDMA/33 cmd 0x1f0 ctl 0x3f6 bmdma 0xd000 irq 14
[    0.796363] ata2: PATA max UDMA/33 cmd 0x170 ctl 0x376 bmdma 0xd008 irq 15
[    0.798198] libphy: Fixed MDIO Bus: probed
[    0.799455] tun: Universal TUN/TAP device driver, 1.6
[    0.800934] PPP generic driver version 2.4.2
[    0.802724] ehci_hcd: USB 2.0 'Enhanced' Host Controller (EHCI) Driver
[    0.804221] ehci-pci: EHCI PCI platform driver
[    0.805336] ehci-platform: EHCI generic platform driver
[    0.806469] ohci_hcd: USB 1.1 'Open' Host Controller (OHCI) Driver
[    0.807789] ohci-pci: OHCI PCI platform driver
[    0.808942] ohci-platform: OHCI generic platform driver
[    0.810070] uhci_hcd: USB Universal Host Controller Interface driver
[    0.811467] i8042: PNP: PS/2 Controller [PNP0303:PS2K,PNP0f03:PS2M] at 0x60,0x64 irq 1,12
[    0.813850] serio: i8042 KBD port at 0x60,0x64 irq 1
[    0.814987] serio: i8042 AUX port at 0x60,0x64 irq 12
[    0.816163] mousedev: PS/2 mouse device common for all mice
[    0.817990] input: AT Translated Set 2 keyboard as /devices/platform/i8042/serio0/input/input2
[    0.820273] rtc_cmos rtc_cmos: rtc core: registered rtc_cmos as rtc0
[    0.821692] rtc_cmos rtc_cmos: alarms up to one day, 114 bytes nvram
[    0.823081] i2c /dev entries driver
[    0.823926] device-mapper: uevent: version 1.0.3
[    0.825509] device-mapper: ioctl: 4.37.0-ioctl (2017-09-20) initialised: dm-devel@redhat.com
[    0.828070] ledtrig-cpu: registered to indicate activity on CPUs
[    0.830332] NET: Registered protocol family 10
[    0.835410] Segment Routing with IPv6
[    0.836718] NET: Registered protocol family 17
[    0.837756] Key type dns_resolver registered
[    0.838887] mce: Using 0 MCE banks
[    0.840085] RAS: Correctable Errors collector initialized.
[    0.842988] sched_clock: Marking stable (842944995, 0)->(1017287603, -174342608)
[    0.845924] registered taskstats version 1
[    0.846870] Loading compiled-in X.509 certificates
[    0.850405] Loaded X.509 cert 'Build time autogenerated kernel key: 81757e40860ca54b8a45e323b66799c03c91a344'
[    0.853608] zswap: loaded using pool lzo/zbud
[    0.858333] Key type big_key registered
[    0.859575] Key type trusted registered
[    0.862187] Key type encrypted registered
[    0.863403] AppArmor: AppArmor sha1 policy hashing enabled
[    0.864846] ima: No TPM chip found, activating TPM-bypass! (rc=-19)
[    0.866222] ima: Allocated hash algorithm: sha1
[    0.867243] evm: HMAC attrs: 0x1
[    0.868420]   Magic number: 8:97:505
[    0.869310] i8042 i8042: hash matches
[    0.870244] rtc_cmos rtc_cmos: setting system clock to 2020-06-23 23:29:37 UTC (1592954977)
[    0.872254] BIOS EDD facility v0.16 2004-Jun-25, 0 devices found
[    0.874156] EDD information not available.
[    1.184023] Freeing unused kernel image memory: 2432K
[    1.196679] Write protecting the kernel read-only data: 20480k
[    1.200472] Freeing unused kernel image memory: 2008K
[    1.202689] Freeing unused kernel image memory: 1876K
[    1.212582] x86/mm: Checked W+X mappings: passed, no W+X pages found.
[    1.214710] x86/mm: Checking user space page tables
[    1.223073] x86/mm: Checked W+X mappings: passed, no W+X pages found.
Loading, please wait...
starting version 237
[    1.300897] Fusion MPT base driver 3.04.20
[    1.305435] Copyright (c) 1999-2008 LSI Corporation
[    1.324427] e1000: Intel(R) PRO/1000 Network Driver - version 7.3.21-k8-NAPI
[    1.327151] e1000: Copyright (c) 1999-2006 Intel Corporation.
[    1.331276] AVX2 version of gcm_enc/dec engaged.
[    1.332760] AES CTR mode by8 optimization enabled
[    1.348412] Fusion MPT SPI Host driver 3.04.20
[    1.529404] input: ImExPS/2 Generic Explorer Mouse as /devices/platform/i8042/serio1/input/input4
[    1.763279] e1000 0000:00:03.0 eth0: (PCI:33MHz:32-bit) 02:61:8b:71:e9:fe
[    1.765749] e1000 0000:00:03.0 eth0: Intel(R) PRO/1000 Network Connection
[    1.769381] mptbase: ioc0: Initiating bringup
[    1.868478] ioc0: LSI53C1030 A0: Capabilities={Initiator}
[    2.112224] scsi host2: ioc0: LSI53C1030 A0, FwRev=00000000h, Ports=1, MaxQ=256, IRQ=20
[    2.280986] scsi 2:0:0:0: Direct-Access     VBOX     HARDDISK         1.0  PQ: 0 ANSI: 5
[    2.316518] scsi target2:0:0: Beginning Domain Validation
[    2.375931] scsi target2:0:0: Domain Validation skipping write tests
[    2.377820] scsi target2:0:0: Ending Domain Validation
[    2.388166] scsi target2:0:0: asynchronous
[    2.392714] scsi 2:0:1:0: Direct-Access     VBOX     HARDDISK         1.0  PQ: 0 ANSI: 5
[    2.697516] scsi target2:0:1: Beginning Domain Validation
[    2.703623] random: fast init done
[    2.705198] scsi target2:0:1: Domain Validation skipping write tests
[    2.706822] scsi target2:0:1: Ending Domain Validation
[    2.708514] scsi target2:0:1: asynchronous
[    2.714283] random: systemd-udevd: uninitialized urandom read (16 bytes read)
[    2.716144] random: systemd-udevd: uninitialized urandom read (16 bytes read)
[    2.719525] sd 2:0:0:0: Attached scsi generic sg0 type 0
[    2.720962] sd 2:0:0:0: [sda] 20971520 512-byte logical blocks: (10.7 GB/10.0 GiB)
[    2.722974] sd 2:0:0:0: [sda] Write Protect is off
[    2.724624] sd 2:0:0:0: [sda] Incomplete mode parameter data
[    2.726540] sd 2:0:0:0: [sda] Assuming drive cache: write through
[    2.728615] sd 2:0:1:0: Attached scsi generic sg1 type 0
[    2.731190] sd 2:0:1:0: [sdb] 20480 512-byte logical blocks: (10.5 MB/10.0 MiB)
[    2.734297] sd 2:0:1:0: [sdb] Write Protect is off
[    2.735792] random: systemd-udevd: uninitialized urandom read (16 bytes read)
[    2.737499] sd 2:0:1:0: [sdb] Incomplete mode parameter data
[    2.738792] sd 2:0:1:0: [sdb] Assuming drive cache: write through
[    2.739006] e1000 0000:00:08.0 eth1: (PCI:33MHz:32-bit) 08:00:27:f1:53:02
[    2.742682]  sda: sda1
[    2.742971] e1000 0000:00:08.0 eth1: Intel(R) PRO/1000 Network Connection
[    2.745010] sd 2:0:0:0: [sda] Attached SCSI disk
[    2.747989] sd 2:0:1:0: [sdb] Attached SCSI disk
[    2.751006] e1000 0000:00:03.0 enp0s3: renamed from eth0
[    2.768670] e1000 0000:00:08.0 enp0s8: renamed from eth1
Begin: Loading essential drivers ... [    4.196113] raid6: sse2x1   gen() 11769 MB/s
[    4.244152] raid6: sse2x1   xor()  7647 MB/s
[    4.293144] raid6: sse2x2   gen() 11815 MB/s
[    4.340234] raid6: sse2x2   xor()  8973 MB/s
[    4.390334] raid6: sse2x4   gen() 17301 MB/s
[    4.436585] raid6: sse2x4   xor()  9938 MB/s
[    4.484276] raid6: avx2x1   gen() 22774 MB/s
[    4.534021] raid6: avx2x1   xor() 17134 MB/s
[    4.580089] raid6: avx2x2   gen() 24963 MB/s
[    4.628077] raid6: avx2x2   xor() 16801 MB/s
[    4.677097] raid6: avx2x4   gen() 30526 MB/s
[    4.724082] raid6: avx2x4   xor() 13082 MB/s
[    4.726020] raid6: using algorithm avx2x4 gen() 30526 MB/s
[    4.728556] raid6: .... xor() 13082 MB/s, rmw enabled
[    4.730587] raid6: using avx2x2 recovery algorithm
[    4.735084] xor: automatically using best checksumming function   avx       
[    4.741176] async_tx: api initialized (async)
done.
Begin: Running /scripts/init-premount ... done.
Begin: Mounting root file system ... Begin: Running /scripts/local-top ... done.
Begin: Running /scripts/local-premount ... [    4.808112] Btrfs loaded, crc32c=crc32c-intel
Scanning for Btrfs filesystems
done.
Warning: fsck not present, so skipping root file system
[    4.845189] EXT4-fs (sda1): INFO: recovery required on readonly filesystem
[    4.847402] EXT4-fs (sda1): write access will be enabled during recovery
[    4.865097] EXT4-fs (sda1): orphan cleanup on readonly fs
[    4.873814] EXT4-fs (sda1): 3 orphan inodes deleted
[    4.874965] EXT4-fs (sda1): recovery complete
[    4.885275] EXT4-fs (sda1): mounted filesystem with ordered data mode. Opts: (null)
done.
Begin: Running /scripts/local-bottom ... done.
Begin: Running /scripts/init-bottom ... done.
[    5.129530] ip_tables: (C) 2000-2006 Netfilter Core Team
[    5.144998] systemd[1]: systemd 237 running in system mode. (+PAM +AUDIT +SELINUX +IMA +APPARMOR +SMACK +SYSVINIT +UTMP +LIBCRYPTSETUP +GCRYPT +GNUTLS +ACL +XZ +LZ4 +SECCOMP +BLKID +ELFUTILS +KMOD -IDN2 +IDN -PCRE2 default-hierarchy=hybrid)
[    5.150916] systemd[1]: Detected virtualization oracle.
[    5.152756] systemd[1]: Detected architecture x86-64.

Welcome to [1mUbuntu 18.04.4 LTS[0m!

[    5.173955] systemd[1]: Set hostname to <ubuntu-bionic>.
[    5.616196] systemd[1]: Reached target System Time Synchronized.
[[0;32m  OK  [0m] Reached target System Time Synchronized.
[    5.618994] systemd[1]: Started Forward Password Requests to Wall Directory Watch.
[[0;32m  OK  [0m] Started Forward Password Requests to Wall Directory Watch.
[    5.622022] systemd[1]: Set up automount Arbitrary Executable File Formats File System Automount Point.
[[0;32m  OK  [0m] Set up automount Arbitrary Executabâ€¦rmats File System Automount Point.
[    5.627020] systemd[1]: Created slice System Slice.
[[0;32m  OK  [0m] Created slice System Slice.
[    5.629107] systemd[1]: Listening on LVM2 poll daemon socket.
[[0;32m  OK  [0m] Listening on LVM2 poll daemon socket.
[    5.631723] systemd[1]: Listening on udev Control Socket.
[[0;32m  OK  [0m] Listening on udev Control Socket.
[[0;32m  OK  [0m] Created slice system-serial\x2dgetty.slice.
[[0;32m  OK  [0m] Listening on Journal Socket.
         Starting Set the console keyboard layout...
         Starting Create list of required stâ€¦ce nodes for the current kernel...
[[0;32m  OK  [0m] Listening on Network Service Netlink Socket.
[[0;32m  OK  [0m] Reached target User and Group Name Lookups.
[[0;32m  OK  [0m] Listening on /dev/initctl Compatibility Named Pipe.
         Starting Remount Root and Kernel File Systems...
         Starting Uncomplicated firewall...
[[0;32m  OK  [0m] Listening on Journal Socket (/dev/log).
[[0;32m  OK  [0m] Created slice User and Session Slice.
[[0;32m  OK  [0m] Reached target Slices.
[[0;32m  OK  [0m] Listening on Device-mapper event daemon FIFOs.
         Mounting POSIX Message Queue File System...
         Mounting Kernel Debug File System...
         Starting Load Kernel Modules...
[[0;32m  OK  [0m] Reached target Swap.
[[0;32m  OK  [0m] Listening on Journal Audit Socket.
[[0;32m  OK  [0m] Listening on Syslog Socket.
         Starting Journal Service...
[[0;32m  OK  [0m] Listening on udev Kernel Socket.
         Starting udev Coldplug all Devices...
[[0;32m  OK  [0m] Listening on LVM2 metadata daemon socket.
         Starting Monitoring of LVM2 mirrorsâ€¦ng dmeventd or progress polling...
         Mounting Huge Pages File System...
[[0;32m  OK  [0m] Started Create list of required staâ€¦vice nodes for the current kernel.
[[0;32m  OK  [0m] Started Uncomplicated firewall.
[[0;32m  OK  [0m] Mounted POSIX Message Queue File System.
[[0;32m  OK  [0m] Mounted Kernel Debug File System.
[[0;32m  OK  [0m] Mounted Huge Pages File System.
         Starting Create Static Device Nodes in /dev...
[[0;32m  OK  [0m] Started LVM2 metadata daemon.
[    5.772957] EXT4-fs (sda1): re-mounted. Opts: (null)
[[0;32m  OK  [0m] Started Remount Root and Kernel File Systems.
         Starting Load/Save Random Seed...
[[0;32m  OK  [0m] Started Create Static Device Nodes in /dev.
[[0;32m  OK  [0m] Started udev Coldplug all Devices.
         Starting udev Kernel Device Manager...
[    5.863172] Loading iSCSI transport class v2.0-870.
[[0;32m  OK  [0m] Started Journal Service.
         Starting Flush Journal to Persistent Storage...
[[0;32m  OK  [0m] Started Load/Save Random Seed.
[    5.904693] iscsi: registered transport (tcp)
[    5.933758] iscsi: registered transport (iser)
[[0;32m  OK  [0m] Started Load Kernel Modules.
         Mounting FUSE Control File System...
         Mounting Kernel Configuration File System...
         Starting Apply Kernel Variables...
[[0;32m  OK  [0m] Mounted FUSE Control File System.
[[0;32m  OK  [0m] Mounted Kernel Configuration File System.
[    5.956316] systemd-journald[395]: Received request to flush runtime journal from PID 1
[[0;32m  OK  [0m] Started udev Kernel Device Manager.
[[0;32m  OK  [0m] Started Apply Kernel Variables.
[[0;32m  OK  [0m] Started Monitoring of LVM2 mirrors,â€¦sing dmeventd or progress polling.
[[0;32m  OK  [0m] Started Set the console keyboard layout.
[[0;32m  OK  [0m] Started Dispatch Password Requests to Console Directory Watch.
[[0;32m  OK  [0m] Reached target Local Encrypted Volumes.
[[0;32m  OK  [0m] Reached target Local File Systems (Pre).
[[0;32m  OK  [0m] Reached target Local File Systems.
         Starting ebtables ruleset management...
         Starting AppArmor initialization...
         Starting Tell Plymouth To Write Out Runtime Data...
         Starting Set console font and keymap...
[[0;32m  OK  [0m] Started Flush Journal to Persistent Storage.
         Starting Create Volatile Files and Directories...
[[0;32m  OK  [0m] Started Tell Plymouth To Write Out Runtime Data.
[[0;32m  OK  [0m] Started Set console font and keymap.
[[0;32m  OK  [0m] Started Create Volatile Files and Directories.
         Starting Update UTMP about System Boot/Shutdown...
[[0;32m  OK  [0m] Started Update UTMP about System Boot/Shutdown.
[[0;32m  OK  [0m] Started ebtables ruleset management.
[[0;32m  OK  [0m] Found device /dev/ttyS0.
[[0;32m  OK  [0m] Listening on Load/Save RF Kill Switch Status /dev/rfkill Watch.
[[0;32m  OK  [0m] Started AppArmor initialization.
         Starting Initial cloud-init job (pre-networking)...
[    8.425188] cloud-init[539]: Cloud-init v. 19.4-33-gbb4131a2-0ubuntu1~18.04.1 running 'init-local' at Tue, 23 Jun 2020 23:29:44 +0000. Up 8.08 seconds.
[[0;32m  OK  [0m] Started Initial cloud-init job (pre-networking).
[[0;32m  OK  [0m] Reached target Network (Pre).
         Starting Network Service...
[[0;32m  OK  [0m] Started Network Service.
         Starting Wait for Network to be Configured...
         Starting Network Name Resolution...
[[0;32m  OK  [0m] Started Network Name Resolution.
[[0;32m  OK  [0m] Reached target Network.
[[0;32m  OK  [0m] Reached target Host and Network Name Lookups.
[[0;32m  OK  [0m] Started Wait for Network to be Configured.
         Starting Initial cloud-init job (metadata service crawler)...
[   11.102429] cloud-init[670]: Cloud-init v. 19.4-33-gbb4131a2-0ubuntu1~18.04.1 running 'init' at Tue, 23 Jun 2020 23:29:47 +0000. Up 10.92 seconds.
[   11.106579] cloud-init[670]: ci-info: +++++++++++++++++++++++++++++++++++++++++++++Net device info+++++++++++++++++++++++++++++++++++++++++++++
[   11.109518] cloud-init[670]: ci-info: +--------+------+------------------------------------------+---------------+--------+-------------------+
[   11.112081] cloud-init[670]: ci-info: | Device |  Up  |                 Address                  |      Mask     | Scope  |     Hw-Address    |
[   11.114491] cloud-init[670]: ci-info: +--------+------+------------------------------------------+---------------+--------+-------------------+
[   11.116921] cloud-init[670]: ci-info: | enp0s3 | True |                10.0.2.15                 | 255.255.255.0 | global | 02:61:8b:71:e9:fe |
[   11.119758] cloud-init[670]: ci-info: | enp0s3 | True |        fe80::61:8bff:fe71:e9fe/64        |       .       |  link  | 02:61:8b:71:e9:fe |
[   11.122161] cloud-init[670]: ci-info: | enp0s8 | True |              192.168.15.29               | 255.255.255.0 | global | 08:00:27:f1:53:02 |
[   11.124257] cloud-init[670]: ci-info: | enp0s8 | True | 2804:7f0:e082:1e00:a00:27ff:fef1:5302/64 |       .       | global | 08:00:27:f1:53:02 |
[   11.126623] cloud-init[670]: ci-info: | enp0s8 | True |       fe80::a00:27ff:fef1:5302/64        |       .       |  link  | 08:00:27:f1:53:02 |
[   11.129115] cloud-init[670]: ci-info: |   lo   | True |                127.0.0.1                 |   255.0.0.0   |  host  |         .         |
[   11.131166] cloud-init[670]: ci-info: |   lo   | True |                 ::1/128                  |       .       |  host  |         .         |
[   11.133407] cloud-init[670]: ci-info: +--------+------+------------------------------------------+---------------+--------+-------------------+
[   11.135393] cloud-init[670]: ci-info: +++++++++++++++++++++++++++++Route IPv4 info+++++++++++++++++++++++++++++
[   11.137130] cloud-init[670]: ci-info: +-------+--------------+----------+-----------------+-----------+-------+
[   11.138986] cloud-init[670]: ci-info: | Route | Destination  | Gateway  |     Genmask     | Interface | Flags |
[   11.140613] cloud-init[670]: ci-info: +-------+--------------+----------+-----------------+-----------+-------+
[   11.141966] cloud-init[670]: ci-info: |   0   |   0.0.0.0    | 10.0.2.2 |     0.0.0.0     |   enp0s3  |   UG  |
[   11.143574] cloud-init[670]: ci-info: |   1   |   10.0.2.0   | 0.0.0.0  |  255.255.255.0  |   enp0s3  |   U   |
[   11.145894] cloud-init[670]: ci-info: |   2   |   10.0.2.2   | 0.0.0.0  | 255.255.255.255 |   enp0s3  |   UH  |
[   11.147604] cloud-init[670]: ci-info: |   3   | 192.168.15.0 | 0.0.0.0  |  255.255.255.0  |   enp0s8  |   U   |
[   11.149680] cloud-init[670]: ci-info: +-------+--------------+----------+-----------------+-----------+-------+
[   11.151570] cloud-init[670]: ci-info: ++++++++++++++++++++++++++++++++++Route IPv6 info++++++++++++++++++++++++++++++++++
[   11.153498] cloud-init[670]: ci-info: +-------+-------------------------+---------------------------+-----------+-------+
[   11.155194] cloud-init[670]: ci-info: | Route |       Destination       |          Gateway          | Interface | Flags |
[   11.157281] cloud-init[670]: ci-info: +-------+-------------------------+---------------------------+-----------+-------+
[   11.158863] cloud-init[670]: ci-info: |   1   | 2804:7f0:e082:1e00::/64 |             ::            |   enp0s8  |   U   |
[   11.160371] cloud-init[670]: ci-info: |   2   |        fe80::/64        |             ::            |   enp0s8  |   U   |
[   11.162167] cloud-init[670]: ci-info: |   3   |        fe80::/64        |             ::            |   enp0s3  |   U   |
[   11.163362] cloud-init[670]: ci-info: |   4   |           ::/0          | fe80::562f:8aff:fe03:edc0 |   enp0s8  |   UG  |
[   11.164810] cloud-init[670]: ci-info: |   6   |          local          |             ::            |   enp0s3  |   U   |
[   11.166140] cloud-init[670]: ci-info: |   7   |          local          |             ::            |   enp0s8  |   U   |
[   11.167801] cloud-init[670]: ci-info: |   8   |         ff00::/8        |             ::            |   enp0s8  |   U   |
[   11.169683] cloud-init[670]: ci-info: |   9   |         ff00::/8        |             ::            |   enp0s3  |   U   |
[   11.171093] cloud-init[670]: ci-info: +-------+-------------------------+---------------------------+-----------+-------+
[[0;32m  OK  [0m] Started Initial cloud-init job (metadata service crawler).
[[0;32m  OK  [0m] Reached target System Initialization.
[[0;32m  OK  [0m] Started Daily apt download activities.
[[0;32m  OK  [0m] Started Clean PHP session files every 30 mins.
[[0;32m  OK  [0m] Started ACPI Events Check.
[[0;32m  OK  [0m] Reached target Paths.
[[0;32m  OK  [0m] Listening on UUID daemon activation socket.
[[0;32m  OK  [0m] Started Message of the Day.
[[0;32m  OK  [0m] Listening on ACPID Listen Socket.
         Starting Socket activation for snappy daemon.
[[0;32m  OK  [0m] Listening on Open-iSCSI iscsid Socket.
[[0;32m  OK  [0m] Listening on D-Bus System Message Bus Socket.
[[0;32m  OK  [0m] Started Discard unused blocks once a week.
[[0;32m  OK  [0m] Started Daily Cleanup of Temporary Directories.
         Starting LXD - unix socket.
[[0;32m  OK  [0m] Started Daily apt upgrade and clean activities.
[[0;32m  OK  [0m] Reached target Timers.
[[0;32m  OK  [0m] Reached target Network is Online.
         Starting Availability of block devices...
[[0;32m  OK  [0m] Reached target Remote File Systems (Pre).
[[0;32m  OK  [0m] Reached target Remote File Systems.
[[0;32m  OK  [0m] Reached target Cloud-config availability.
[[0;32m  OK  [0m] Listening on Socket activation for snappy daemon.
[[0;32m  OK  [0m] Listening on LXD - unix socket.
[[0;32m  OK  [0m] Started Availability of block devices.
[[0;32m  OK  [0m] Reached target Sockets.
[[0;32m  OK  [0m] Reached target Basic System.
[[0;32m  OK  [0m] Started irqbalance daemon.
[[0;32m  OK  [0m] Started Deferred execution scheduler.
         Starting Clean php session files...
         Starting Discard unused blocks...
         Starting Accounts Service...
         Starting Dispatcher daemon for systemd-networkd...
[[0;32m  OK  [0m] Started D-Bus System Message Bus.
         Starting OpenBSD Secure Shell server...
         Starting The PHP 7.0 FastCGI Process Manager...
         Starting LSB: Record successful boot for GRUB...
         Starting Virtualbox guest utils...
         Starting System Logging Service...
         Starting The Apache HTTP Server...
[[0;32m  OK  [0m] Started FUSE filesystem for LXC.
         Starting LXD - container startup/shutdown...
         Starting Permit User Sessions...
         Starting Message of the Day...
[[0;32m  OK  [0m] Started Regular background program processing daemon.
         Starting Login Service...
         Starting LSB: automatic crash report generation...
         Starting Snappy daemon...
[[0;32m  OK  [0m] Started System Logging Service.
[[0;32m  OK  [0m] Started Discard unused blocks.
[[0;32m  OK  [0m] Started Permit User Sessions.
         Starting Authorization Manager...
         Starting Terminate Plymouth Boot Screen...
         Starting Hold until boot process finishes up...
[[0;32m  OK  [0m] Started Login Service.
[[0;32m  OK  [0m] Started Unattended Upgrades Shutdown.
[[0;32m  OK  [0m] Started Terminate Plymouth Boot Screen.
[[0;32m  OK  [0m] Started Hold until boot process finishes up.
[[0;32m  OK  [0m] Started Serial Getty on ttyS0.
         Starting Set console scheme...
[[0;32m  OK  [0m] Started OpenBSD Secure Shell server.
[[0;32m  OK  [0m] Started Authorization Manager.
[[0;32m  OK  [0m] Started Accounts Service.
[[0;32m  OK  [0m] Started LSB: automatic crash report generation.
[[0;32m  OK  [0m] Started LSB: Record successful boot for GRUB.
[[0;32m  OK  [0m] Started Set console scheme.
[[0;32m  OK  [0m] Created slice system-getty.slice.
[[0;32m  OK  [0m] Started Getty on tty1.
[[0;32m  OK  [0m] Reached target Login Prompts.
[[0;32m  OK  [0m] Started Virtualbox guest utils.
[[0;32m  OK  [0m] Created slice User Slice of vagrant.
[[0;32m  OK  [0m] Started Dispatcher daemon for systemd-networkd.
[[0;32m  OK  [0m] Started LXD - container startup/shutdown.
[[0;32m  OK  [0m] Started Session 1 of user vagrant.
         Starting User Manager for UID 1000...
[[0;32m  OK  [0m] Started The Apache HTTP Server.
[[0;32m  OK  [0m] Started User Manager for UID 1000.
[[0;32m  OK  [0m] Started The PHP 7.0 FastCGI Process Manager.
[[0;32m  OK  [0m] Started Clean php session files.
[[0;32m  OK  [0m] Started Snappy daemon.
         Starting Wait until snapd is fully seeded...
[[0;32m  OK  [0m] Started Wait until snapd is fully seeded.
         Starting Apply the settings specified in cloud-config...
[[0;32m  OK  [0m] Reached target Multi-User System.
[[0;32m  OK  [0m] Reached target Graphical Interface.
         Starting Update UTMP about System Runlevel Changes...
[[0;32m  OK  [0m] Started Update UTMP about System Runlevel Changes.
[   15.686228] cloud-init[1243]: Cloud-init v. 19.4-33-gbb4131a2-0ubuntu1~18.04.1 running 'modules:config' at Tue, 23 Jun 2020 23:29:52 +0000. Up 15.40 seconds.
[[0;32m  OK  [0m] Started Apply the settings specified in cloud-config.
         Starting Execute cloud user/final scripts...
[[0;32m  OK  [0m] Started Message of the Day.
[   16.927238] cloud-init[1339]: Cloud-init v. 19.4-33-gbb4131a2-0ubuntu1~18.04.1 running 'modules:final' at Tue, 23 Jun 2020 23:29:53 +0000. Up 16.61 seconds.
[   16.940774] cloud-init[1339]: Cloud-init v. 19.4-33-gbb4131a2-0ubuntu1~18.04.1 finished at Tue, 23 Jun 2020 23:29:53 +0000. Datasource DataSourceNoCloud [seed=/dev/sdb][dsmode=net].  Up 16.91 seconds
[[0;32m  OK  [0m] Started Execute cloud user/final scripts.
[[0;32m  OK  [0m] Reached target Cloud-init target.

Ubuntu 18.04.4 LTS ubuntu-bionic ttyS0

ubuntu-bionic login: 